---
source: crates/sneklsp_lexer/src/lib.rs
expression: tokenize_to_string(source)
---
Name "x"
Eq "="
Int "1"
Newline "\n"
Name "y"
Eq "="
Float "2.5"
Newline "\n"
Name "z"
Eq "="
String "\"hello\""
Newline "\n"
Name "a"
Eq "="
Int "1"
Plus "+"
Int "2"
Newline "\n"
Name "b"
Eq "="
Int "3"
Star "*"
Int "4"
Minus "-"
Int "5"
Newline "\n"
Name "c"
Eq "="
Int "10"
Slash "/"
Int "2"
Newline "\n"
Name "d"
Eq "="
Int "7"
DoubleSlash "//"
Int "3"
Newline "\n"
Name "e"
Eq "="
Int "8"
Percent "%"
Int "3"
Newline "\n"
Name "f"
Eq "="
Int "2"
DoubleStar "**"
Int "10"
Newline "\n"
Name "g"
Eq "="
Name "x"
Lt "<"
Name "y"
Newline "\n"
Name "h"
Eq "="
Name "x"
EqEq "=="
Int "1"
Newline "\n"
Name "i"
Eq "="
Name "y"
NotEq "!="
Name "z"
Newline "\n"
Name "my_list"
Eq "="
LBracket "["
Int "1"
Comma ","
Int "2"
Comma ","
Int "3"
RBracket "]"
Newline "\n"
Name "my_dict"
Eq "="
LBrace "{"
String "\"a\""
Colon ":"
Int "1"
Comma ","
String "\"b\""
Colon ":"
Int "2"
RBrace "}"
Newline "\n"
Name "my_tuple"
Eq "="
LParen "("
Int "1"
Comma ","
Int "2"
Comma ","
Int "3"
RParen ")"
Newline "\n"
Name "result"
Eq "="
Name "print"
LParen "("
String "\"hello\""
RParen ")"
Newline "\n"
