---
source: crates/sneklsp_parser/src/lib.rs
expression: result
---
Ok(
    Module {
        body: [
            Import(
                ImportStmt {
                    names: [
                        Alias {
                            name: "boto3",
                            asname: None,
                            range: TextRange {
                                start: TextSize(
                                    27,
                                ),
                                end: TextSize(
                                    32,
                                ),
                            },
                        },
                    ],
                    range: TextRange {
                        start: TextSize(
                            20,
                        ),
                        end: TextSize(
                            32,
                        ),
                    },
                },
            ),
            ImportFrom(
                ImportFromStmt {
                    module: Some(
                        "botocore.exceptions",
                    ),
                    names: [
                        Alias {
                            name: "ClientError",
                            asname: None,
                            range: TextRange {
                                start: TextSize(
                                    65,
                                ),
                                end: TextSize(
                                    76,
                                ),
                            },
                        },
                    ],
                    level: 0,
                    range: TextRange {
                        start: TextSize(
                            33,
                        ),
                        end: TextSize(
                            76,
                        ),
                    },
                },
            ),
            ImportFrom(
                ImportFromStmt {
                    module: Some(
                        "aws_cdk",
                    ),
                    names: [
                        Alias {
                            name: "App",
                            asname: None,
                            range: TextRange {
                                start: TextSize(
                                    103,
                                ),
                                end: TextSize(
                                    106,
                                ),
                            },
                        },
                        Alias {
                            name: "aws_events",
                            asname: Some(
                                "events",
                            ),
                            range: TextRange {
                                start: TextSize(
                                    112,
                                ),
                                end: TextSize(
                                    132,
                                ),
                            },
                        },
                    ],
                    level: 0,
                    range: TextRange {
                        start: TextSize(
                            77,
                        ),
                        end: TextSize(
                            135,
                        ),
                    },
                },
            ),
            Assign(
                AssignStmt {
                    targets: [
                        Name(
                            NameExpr {
                                id: "NAMESPACE",
                                range: TextRange {
                                    start: TextSize(
                                        161,
                                    ),
                                    end: TextSize(
                                        170,
                                    ),
                                },
                            },
                        ),
                    ],
                    value: Subscript(
                        SubscriptExpr {
                            value: Attribute(
                                AttributeExpr {
                                    value: Name(
                                        NameExpr {
                                            id: "os",
                                            range: TextRange {
                                                start: TextSize(
                                                    173,
                                                ),
                                                end: TextSize(
                                                    175,
                                                ),
                                            },
                                        },
                                    ),
                                    attr: "environ",
                                    range: TextRange {
                                        start: TextSize(
                                            173,
                                        ),
                                        end: TextSize(
                                            183,
                                        ),
                                    },
                                },
                            ),
                            slice: String(
                                StringExpr {
                                    value: "NAMESPACE",
                                    range: TextRange {
                                        start: TextSize(
                                            184,
                                        ),
                                        end: TextSize(
                                            195,
                                        ),
                                    },
                                },
                            ),
                            range: TextRange {
                                start: TextSize(
                                    173,
                                ),
                                end: TextSize(
                                    196,
                                ),
                            },
                        },
                    ),
                    range: TextRange {
                        start: TextSize(
                            161,
                        ),
                        end: TextSize(
                            196,
                        ),
                    },
                },
            ),
            Assign(
                AssignStmt {
                    targets: [
                        Name(
                            NameExpr {
                                id: "REGION",
                                range: TextRange {
                                    start: TextSize(
                                        197,
                                    ),
                                    end: TextSize(
                                        203,
                                    ),
                                },
                            },
                        ),
                    ],
                    value: Call(
                        CallExpr {
                            func: Attribute(
                                AttributeExpr {
                                    value: Name(
                                        NameExpr {
                                            id: "os",
                                            range: TextRange {
                                                start: TextSize(
                                                    206,
                                                ),
                                                end: TextSize(
                                                    208,
                                                ),
                                            },
                                        },
                                    ),
                                    attr: "getenv",
                                    range: TextRange {
                                        start: TextSize(
                                            206,
                                        ),
                                        end: TextSize(
                                            215,
                                        ),
                                    },
                                },
                            ),
                            args: [
                                String(
                                    StringExpr {
                                        value: "AWS_REGION",
                                        range: TextRange {
                                            start: TextSize(
                                                216,
                                            ),
                                            end: TextSize(
                                                228,
                                            ),
                                        },
                                    },
                                ),
                                Call(
                                    CallExpr {
                                        func: Attribute(
                                            AttributeExpr {
                                                value: Name(
                                                    NameExpr {
                                                        id: "os",
                                                        range: TextRange {
                                                            start: TextSize(
                                                                230,
                                                            ),
                                                            end: TextSize(
                                                                232,
                                                            ),
                                                        },
                                                    },
                                                ),
                                                attr: "getenv",
                                                range: TextRange {
                                                    start: TextSize(
                                                        230,
                                                    ),
                                                    end: TextSize(
                                                        239,
                                                    ),
                                                },
                                            },
                                        ),
                                        args: [
                                            String(
                                                StringExpr {
                                                    value: "AWS_DEFAULT_REGION",
                                                    range: TextRange {
                                                        start: TextSize(
                                                            240,
                                                        ),
                                                        end: TextSize(
                                                            260,
                                                        ),
                                                    },
                                                },
                                            ),
                                        ],
                                        keywords: [],
                                        range: TextRange {
                                            start: TextSize(
                                                230,
                                            ),
                                            end: TextSize(
                                                261,
                                            ),
                                        },
                                    },
                                ),
                            ],
                            keywords: [],
                            range: TextRange {
                                start: TextSize(
                                    206,
                                ),
                                end: TextSize(
                                    262,
                                ),
                            },
                        },
                    ),
                    range: TextRange {
                        start: TextSize(
                            197,
                        ),
                        end: TextSize(
                            262,
                        ),
                    },
                },
            ),
            Assign(
                AssignStmt {
                    targets: [
                        Name(
                            NameExpr {
                                id: "PARTITION",
                                range: TextRange {
                                    start: TextSize(
                                        263,
                                    ),
                                    end: TextSize(
                                        272,
                                    ),
                                },
                            },
                        ),
                    ],
                    value: Call(
                        CallExpr {
                            func: Attribute(
                                AttributeExpr {
                                    value: Attribute(
                                        AttributeExpr {
                                            value: Name(
                                                NameExpr {
                                                    id: "os",
                                                    range: TextRange {
                                                        start: TextSize(
                                                            275,
                                                        ),
                                                        end: TextSize(
                                                            277,
                                                        ),
                                                    },
                                                },
                                            ),
                                            attr: "environ",
                                            range: TextRange {
                                                start: TextSize(
                                                    275,
                                                ),
                                                end: TextSize(
                                                    285,
                                                ),
                                            },
                                        },
                                    ),
                                    attr: "get",
                                    range: TextRange {
                                        start: TextSize(
                                            275,
                                        ),
                                        end: TextSize(
                                            289,
                                        ),
                                    },
                                },
                            ),
                            args: [
                                String(
                                    StringExpr {
                                        value: "AWS_PARTITION",
                                        range: TextRange {
                                            start: TextSize(
                                                295,
                                            ),
                                            end: TextSize(
                                                310,
                                            ),
                                        },
                                    },
                                ),
                                Call(
                                    CallExpr {
                                        func: Attribute(
                                            AttributeExpr {
                                                value: Call(
                                                    CallExpr {
                                                        func: Attribute(
                                                            AttributeExpr {
                                                                value: Name(
                                                                    NameExpr {
                                                                        id: "boto3",
                                                                        range: TextRange {
                                                                            start: TextSize(
                                                                                316,
                                                                            ),
                                                                            end: TextSize(
                                                                                321,
                                                                            ),
                                                                        },
                                                                    },
                                                                ),
                                                                attr: "Session",
                                                                range: TextRange {
                                                                    start: TextSize(
                                                                        316,
                                                                    ),
                                                                    end: TextSize(
                                                                        329,
                                                                    ),
                                                                },
                                                            },
                                                        ),
                                                        args: [],
                                                        keywords: [],
                                                        range: TextRange {
                                                            start: TextSize(
                                                                316,
                                                            ),
                                                            end: TextSize(
                                                                331,
                                                            ),
                                                        },
                                                    },
                                                ),
                                                attr: "get_partition_for_region",
                                                range: TextRange {
                                                    start: TextSize(
                                                        316,
                                                    ),
                                                    end: TextSize(
                                                        356,
                                                    ),
                                                },
                                            },
                                        ),
                                        args: [],
                                        keywords: [
                                            Keyword {
                                                arg: Some(
                                                    "region_name",
                                                ),
                                                value: Name(
                                                    NameExpr {
                                                        id: "REGION",
                                                        range: TextRange {
                                                            start: TextSize(
                                                                369,
                                                            ),
                                                            end: TextSize(
                                                                375,
                                                            ),
                                                        },
                                                    },
                                                ),
                                                range: TextRange {
                                                    start: TextSize(
                                                        357,
                                                    ),
                                                    end: TextSize(
                                                        375,
                                                    ),
                                                },
                                            },
                                        ],
                                        range: TextRange {
                                            start: TextSize(
                                                316,
                                            ),
                                            end: TextSize(
                                                376,
                                            ),
                                        },
                                    },
                                ),
                            ],
                            keywords: [],
                            range: TextRange {
                                start: TextSize(
                                    275,
                                ),
                                end: TextSize(
                                    379,
                                ),
                            },
                        },
                    ),
                    range: TextRange {
                        start: TextSize(
                            263,
                        ),
                        end: TextSize(
                            379,
                        ),
                    },
                },
            ),
            Assign(
                AssignStmt {
                    targets: [
                        Name(
                            NameExpr {
                                id: "x",
                                range: TextRange {
                                    start: TextSize(
                                        401,
                                    ),
                                    end: TextSize(
                                        402,
                                    ),
                                },
                            },
                        ),
                    ],
                    value: Int(
                        IntExpr {
                            value: 1,
                            range: TextRange {
                                start: TextSize(
                                    405,
                                ),
                                end: TextSize(
                                    406,
                                ),
                            },
                        },
                    ),
                    range: TextRange {
                        start: TextSize(
                            401,
                        ),
                        end: TextSize(
                            406,
                        ),
                    },
                },
            ),
            Assign(
                AssignStmt {
                    targets: [
                        Name(
                            NameExpr {
                                id: "y",
                                range: TextRange {
                                    start: TextSize(
                                        407,
                                    ),
                                    end: TextSize(
                                        408,
                                    ),
                                },
                            },
                        ),
                    ],
                    value: Float(
                        FloatExpr {
                            value: 2.5,
                            range: TextRange {
                                start: TextSize(
                                    411,
                                ),
                                end: TextSize(
                                    414,
                                ),
                            },
                        },
                    ),
                    range: TextRange {
                        start: TextSize(
                            407,
                        ),
                        end: TextSize(
                            414,
                        ),
                    },
                },
            ),
            Assign(
                AssignStmt {
                    targets: [
                        Name(
                            NameExpr {
                                id: "z",
                                range: TextRange {
                                    start: TextSize(
                                        415,
                                    ),
                                    end: TextSize(
                                        416,
                                    ),
                                },
                            },
                        ),
                    ],
                    value: String(
                        StringExpr {
                            value: "hello",
                            range: TextRange {
                                start: TextSize(
                                    419,
                                ),
                                end: TextSize(
                                    426,
                                ),
                            },
                        },
                    ),
                    range: TextRange {
                        start: TextSize(
                            415,
                        ),
                        end: TextSize(
                            426,
                        ),
                    },
                },
            ),
            Assign(
                AssignStmt {
                    targets: [
                        Name(
                            NameExpr {
                                id: "a",
                                range: TextRange {
                                    start: TextSize(
                                        448,
                                    ),
                                    end: TextSize(
                                        449,
                                    ),
                                },
                            },
                        ),
                    ],
                    value: BinOp(
                        BinOpExpr {
                            left: Int(
                                IntExpr {
                                    value: 1,
                                    range: TextRange {
                                        start: TextSize(
                                            452,
                                        ),
                                        end: TextSize(
                                            453,
                                        ),
                                    },
                                },
                            ),
                            op: Add,
                            right: Int(
                                IntExpr {
                                    value: 2,
                                    range: TextRange {
                                        start: TextSize(
                                            456,
                                        ),
                                        end: TextSize(
                                            457,
                                        ),
                                    },
                                },
                            ),
                            range: TextRange {
                                start: TextSize(
                                    452,
                                ),
                                end: TextSize(
                                    457,
                                ),
                            },
                        },
                    ),
                    range: TextRange {
                        start: TextSize(
                            448,
                        ),
                        end: TextSize(
                            457,
                        ),
                    },
                },
            ),
            Assign(
                AssignStmt {
                    targets: [
                        Name(
                            NameExpr {
                                id: "b",
                                range: TextRange {
                                    start: TextSize(
                                        458,
                                    ),
                                    end: TextSize(
                                        459,
                                    ),
                                },
                            },
                        ),
                    ],
                    value: BinOp(
                        BinOpExpr {
                            left: BinOp(
                                BinOpExpr {
                                    left: Int(
                                        IntExpr {
                                            value: 3,
                                            range: TextRange {
                                                start: TextSize(
                                                    462,
                                                ),
                                                end: TextSize(
                                                    463,
                                                ),
                                            },
                                        },
                                    ),
                                    op: Mult,
                                    right: Int(
                                        IntExpr {
                                            value: 4,
                                            range: TextRange {
                                                start: TextSize(
                                                    466,
                                                ),
                                                end: TextSize(
                                                    467,
                                                ),
                                            },
                                        },
                                    ),
                                    range: TextRange {
                                        start: TextSize(
                                            462,
                                        ),
                                        end: TextSize(
                                            467,
                                        ),
                                    },
                                },
                            ),
                            op: Sub,
                            right: Int(
                                IntExpr {
                                    value: 5,
                                    range: TextRange {
                                        start: TextSize(
                                            470,
                                        ),
                                        end: TextSize(
                                            471,
                                        ),
                                    },
                                },
                            ),
                            range: TextRange {
                                start: TextSize(
                                    462,
                                ),
                                end: TextSize(
                                    471,
                                ),
                            },
                        },
                    ),
                    range: TextRange {
                        start: TextSize(
                            458,
                        ),
                        end: TextSize(
                            471,
                        ),
                    },
                },
            ),
            Assign(
                AssignStmt {
                    targets: [
                        Name(
                            NameExpr {
                                id: "c",
                                range: TextRange {
                                    start: TextSize(
                                        472,
                                    ),
                                    end: TextSize(
                                        473,
                                    ),
                                },
                            },
                        ),
                    ],
                    value: BinOp(
                        BinOpExpr {
                            left: Int(
                                IntExpr {
                                    value: 10,
                                    range: TextRange {
                                        start: TextSize(
                                            476,
                                        ),
                                        end: TextSize(
                                            478,
                                        ),
                                    },
                                },
                            ),
                            op: Div,
                            right: Int(
                                IntExpr {
                                    value: 2,
                                    range: TextRange {
                                        start: TextSize(
                                            481,
                                        ),
                                        end: TextSize(
                                            482,
                                        ),
                                    },
                                },
                            ),
                            range: TextRange {
                                start: TextSize(
                                    476,
                                ),
                                end: TextSize(
                                    482,
                                ),
                            },
                        },
                    ),
                    range: TextRange {
                        start: TextSize(
                            472,
                        ),
                        end: TextSize(
                            482,
                        ),
                    },
                },
            ),
            Assign(
                AssignStmt {
                    targets: [
                        Name(
                            NameExpr {
                                id: "d",
                                range: TextRange {
                                    start: TextSize(
                                        483,
                                    ),
                                    end: TextSize(
                                        484,
                                    ),
                                },
                            },
                        ),
                    ],
                    value: BinOp(
                        BinOpExpr {
                            left: Int(
                                IntExpr {
                                    value: 7,
                                    range: TextRange {
                                        start: TextSize(
                                            487,
                                        ),
                                        end: TextSize(
                                            488,
                                        ),
                                    },
                                },
                            ),
                            op: FloorDiv,
                            right: Int(
                                IntExpr {
                                    value: 3,
                                    range: TextRange {
                                        start: TextSize(
                                            492,
                                        ),
                                        end: TextSize(
                                            493,
                                        ),
                                    },
                                },
                            ),
                            range: TextRange {
                                start: TextSize(
                                    487,
                                ),
                                end: TextSize(
                                    493,
                                ),
                            },
                        },
                    ),
                    range: TextRange {
                        start: TextSize(
                            483,
                        ),
                        end: TextSize(
                            493,
                        ),
                    },
                },
            ),
            Assign(
                AssignStmt {
                    targets: [
                        Name(
                            NameExpr {
                                id: "e",
                                range: TextRange {
                                    start: TextSize(
                                        494,
                                    ),
                                    end: TextSize(
                                        495,
                                    ),
                                },
                            },
                        ),
                    ],
                    value: BinOp(
                        BinOpExpr {
                            left: Int(
                                IntExpr {
                                    value: 8,
                                    range: TextRange {
                                        start: TextSize(
                                            498,
                                        ),
                                        end: TextSize(
                                            499,
                                        ),
                                    },
                                },
                            ),
                            op: Mod,
                            right: Int(
                                IntExpr {
                                    value: 3,
                                    range: TextRange {
                                        start: TextSize(
                                            502,
                                        ),
                                        end: TextSize(
                                            503,
                                        ),
                                    },
                                },
                            ),
                            range: TextRange {
                                start: TextSize(
                                    498,
                                ),
                                end: TextSize(
                                    503,
                                ),
                            },
                        },
                    ),
                    range: TextRange {
                        start: TextSize(
                            494,
                        ),
                        end: TextSize(
                            503,
                        ),
                    },
                },
            ),
            Assign(
                AssignStmt {
                    targets: [
                        Name(
                            NameExpr {
                                id: "f",
                                range: TextRange {
                                    start: TextSize(
                                        504,
                                    ),
                                    end: TextSize(
                                        505,
                                    ),
                                },
                            },
                        ),
                    ],
                    value: BinOp(
                        BinOpExpr {
                            left: Int(
                                IntExpr {
                                    value: 2,
                                    range: TextRange {
                                        start: TextSize(
                                            508,
                                        ),
                                        end: TextSize(
                                            509,
                                        ),
                                    },
                                },
                            ),
                            op: Pow,
                            right: Int(
                                IntExpr {
                                    value: 10,
                                    range: TextRange {
                                        start: TextSize(
                                            513,
                                        ),
                                        end: TextSize(
                                            515,
                                        ),
                                    },
                                },
                            ),
                            range: TextRange {
                                start: TextSize(
                                    508,
                                ),
                                end: TextSize(
                                    515,
                                ),
                            },
                        },
                    ),
                    range: TextRange {
                        start: TextSize(
                            504,
                        ),
                        end: TextSize(
                            515,
                        ),
                    },
                },
            ),
            Assign(
                AssignStmt {
                    targets: [
                        Name(
                            NameExpr {
                                id: "g",
                                range: TextRange {
                                    start: TextSize(
                                        530,
                                    ),
                                    end: TextSize(
                                        531,
                                    ),
                                },
                            },
                        ),
                    ],
                    value: Compare(
                        CompareExpr {
                            left: Name(
                                NameExpr {
                                    id: "x",
                                    range: TextRange {
                                        start: TextSize(
                                            534,
                                        ),
                                        end: TextSize(
                                            535,
                                        ),
                                    },
                                },
                            ),
                            op: [
                                Lt,
                            ],
                            comparators: [
                                Name(
                                    NameExpr {
                                        id: "y",
                                        range: TextRange {
                                            start: TextSize(
                                                538,
                                            ),
                                            end: TextSize(
                                                539,
                                            ),
                                        },
                                    },
                                ),
                            ],
                            range: TextRange {
                                start: TextSize(
                                    534,
                                ),
                                end: TextSize(
                                    539,
                                ),
                            },
                        },
                    ),
                    range: TextRange {
                        start: TextSize(
                            530,
                        ),
                        end: TextSize(
                            539,
                        ),
                    },
                },
            ),
            Assign(
                AssignStmt {
                    targets: [
                        Name(
                            NameExpr {
                                id: "h",
                                range: TextRange {
                                    start: TextSize(
                                        540,
                                    ),
                                    end: TextSize(
                                        541,
                                    ),
                                },
                            },
                        ),
                    ],
                    value: Compare(
                        CompareExpr {
                            left: Name(
                                NameExpr {
                                    id: "x",
                                    range: TextRange {
                                        start: TextSize(
                                            544,
                                        ),
                                        end: TextSize(
                                            545,
                                        ),
                                    },
                                },
                            ),
                            op: [
                                Eq,
                            ],
                            comparators: [
                                Int(
                                    IntExpr {
                                        value: 1,
                                        range: TextRange {
                                            start: TextSize(
                                                549,
                                            ),
                                            end: TextSize(
                                                550,
                                            ),
                                        },
                                    },
                                ),
                            ],
                            range: TextRange {
                                start: TextSize(
                                    544,
                                ),
                                end: TextSize(
                                    550,
                                ),
                            },
                        },
                    ),
                    range: TextRange {
                        start: TextSize(
                            540,
                        ),
                        end: TextSize(
                            550,
                        ),
                    },
                },
            ),
            Assign(
                AssignStmt {
                    targets: [
                        Name(
                            NameExpr {
                                id: "i",
                                range: TextRange {
                                    start: TextSize(
                                        551,
                                    ),
                                    end: TextSize(
                                        552,
                                    ),
                                },
                            },
                        ),
                    ],
                    value: Compare(
                        CompareExpr {
                            left: Name(
                                NameExpr {
                                    id: "y",
                                    range: TextRange {
                                        start: TextSize(
                                            555,
                                        ),
                                        end: TextSize(
                                            556,
                                        ),
                                    },
                                },
                            ),
                            op: [
                                NotEq,
                            ],
                            comparators: [
                                Name(
                                    NameExpr {
                                        id: "z",
                                        range: TextRange {
                                            start: TextSize(
                                                560,
                                            ),
                                            end: TextSize(
                                                561,
                                            ),
                                        },
                                    },
                                ),
                            ],
                            range: TextRange {
                                start: TextSize(
                                    555,
                                ),
                                end: TextSize(
                                    561,
                                ),
                            },
                        },
                    ),
                    range: TextRange {
                        start: TextSize(
                            551,
                        ),
                        end: TextSize(
                            561,
                        ),
                    },
                },
            ),
            Assign(
                AssignStmt {
                    targets: [
                        Name(
                            NameExpr {
                                id: "my_list",
                                range: TextRange {
                                    start: TextSize(
                                        575,
                                    ),
                                    end: TextSize(
                                        582,
                                    ),
                                },
                            },
                        ),
                    ],
                    value: List(
                        ListExpr {
                            elts: [
                                Int(
                                    IntExpr {
                                        value: 1,
                                        range: TextRange {
                                            start: TextSize(
                                                586,
                                            ),
                                            end: TextSize(
                                                587,
                                            ),
                                        },
                                    },
                                ),
                                Int(
                                    IntExpr {
                                        value: 2,
                                        range: TextRange {
                                            start: TextSize(
                                                589,
                                            ),
                                            end: TextSize(
                                                590,
                                            ),
                                        },
                                    },
                                ),
                                Int(
                                    IntExpr {
                                        value: 3,
                                        range: TextRange {
                                            start: TextSize(
                                                592,
                                            ),
                                            end: TextSize(
                                                593,
                                            ),
                                        },
                                    },
                                ),
                            ],
                            range: TextRange {
                                start: TextSize(
                                    585,
                                ),
                                end: TextSize(
                                    594,
                                ),
                            },
                        },
                    ),
                    range: TextRange {
                        start: TextSize(
                            575,
                        ),
                        end: TextSize(
                            594,
                        ),
                    },
                },
            ),
            Assign(
                AssignStmt {
                    targets: [
                        Name(
                            NameExpr {
                                id: "my_dict",
                                range: TextRange {
                                    start: TextSize(
                                        595,
                                    ),
                                    end: TextSize(
                                        602,
                                    ),
                                },
                            },
                        ),
                    ],
                    value: Dict(
                        DictExpr {
                            keys: [
                                Some(
                                    String(
                                        StringExpr {
                                            value: "a",
                                            range: TextRange {
                                                start: TextSize(
                                                    606,
                                                ),
                                                end: TextSize(
                                                    609,
                                                ),
                                            },
                                        },
                                    ),
                                ),
                                Some(
                                    String(
                                        StringExpr {
                                            value: "b",
                                            range: TextRange {
                                                start: TextSize(
                                                    614,
                                                ),
                                                end: TextSize(
                                                    617,
                                                ),
                                            },
                                        },
                                    ),
                                ),
                            ],
                            values: [
                                Int(
                                    IntExpr {
                                        value: 1,
                                        range: TextRange {
                                            start: TextSize(
                                                611,
                                            ),
                                            end: TextSize(
                                                612,
                                            ),
                                        },
                                    },
                                ),
                                Int(
                                    IntExpr {
                                        value: 2,
                                        range: TextRange {
                                            start: TextSize(
                                                619,
                                            ),
                                            end: TextSize(
                                                620,
                                            ),
                                        },
                                    },
                                ),
                            ],
                            range: TextRange {
                                start: TextSize(
                                    605,
                                ),
                                end: TextSize(
                                    621,
                                ),
                            },
                        },
                    ),
                    range: TextRange {
                        start: TextSize(
                            595,
                        ),
                        end: TextSize(
                            621,
                        ),
                    },
                },
            ),
            Assign(
                AssignStmt {
                    targets: [
                        Name(
                            NameExpr {
                                id: "my_tuple",
                                range: TextRange {
                                    start: TextSize(
                                        622,
                                    ),
                                    end: TextSize(
                                        630,
                                    ),
                                },
                            },
                        ),
                    ],
                    value: Tuple(
                        TupleExpr {
                            elts: [
                                Int(
                                    IntExpr {
                                        value: 1,
                                        range: TextRange {
                                            start: TextSize(
                                                634,
                                            ),
                                            end: TextSize(
                                                635,
                                            ),
                                        },
                                    },
                                ),
                                Int(
                                    IntExpr {
                                        value: 2,
                                        range: TextRange {
                                            start: TextSize(
                                                637,
                                            ),
                                            end: TextSize(
                                                638,
                                            ),
                                        },
                                    },
                                ),
                                Int(
                                    IntExpr {
                                        value: 3,
                                        range: TextRange {
                                            start: TextSize(
                                                640,
                                            ),
                                            end: TextSize(
                                                641,
                                            ),
                                        },
                                    },
                                ),
                            ],
                            range: TextRange {
                                start: TextSize(
                                    633,
                                ),
                                end: TextSize(
                                    642,
                                ),
                            },
                        },
                    ),
                    range: TextRange {
                        start: TextSize(
                            622,
                        ),
                        end: TextSize(
                            642,
                        ),
                    },
                },
            ),
            Assign(
                AssignStmt {
                    targets: [
                        Name(
                            NameExpr {
                                id: "result",
                                range: TextRange {
                                    start: TextSize(
                                        660,
                                    ),
                                    end: TextSize(
                                        666,
                                    ),
                                },
                            },
                        ),
                    ],
                    value: Call(
                        CallExpr {
                            func: Name(
                                NameExpr {
                                    id: "print",
                                    range: TextRange {
                                        start: TextSize(
                                            669,
                                        ),
                                        end: TextSize(
                                            674,
                                        ),
                                    },
                                },
                            ),
                            args: [
                                String(
                                    StringExpr {
                                        value: "hello",
                                        range: TextRange {
                                            start: TextSize(
                                                675,
                                            ),
                                            end: TextSize(
                                                682,
                                            ),
                                        },
                                    },
                                ),
                            ],
                            keywords: [],
                            range: TextRange {
                                start: TextSize(
                                    669,
                                ),
                                end: TextSize(
                                    683,
                                ),
                            },
                        },
                    ),
                    range: TextRange {
                        start: TextSize(
                            660,
                        ),
                        end: TextSize(
                            683,
                        ),
                    },
                },
            ),
        ],
        range: TextRange {
            start: TextSize(
                20,
            ),
            end: TextSize(
                684,
            ),
        },
    },
)
